// Jest Snapshot v1, https://goo.gl/fbAQLP

exports[`dataConversion .convertToDocumentData should convert powerbi dataview to document data 1`] = `
Object {
  "documentList": Array [
    Object {
      "author": 5,
      "cluster": 2935,
      "content": undefined,
      "document": 4423,
      "id": 4423,
      "identity": undefined,
      "imageUrl": 2935,
      "index": 0,
      "partContent": "Now is the time",
      "partIndex": 0,
      "score": "2017-01-01 20:43:39",
      "selectionId": null,
      "size": 5,
      "summary": undefined,
      "title": "Comments",
    },
    Object {
      "author": 2,
      "cluster": 8883,
      "content": undefined,
      "document": 15223,
      "id": 15223,
      "identity": undefined,
      "imageUrl": 8883,
      "index": 3,
      "partContent": "Free Market for Education",
      "partIndex": 0,
      "score": "2017-01-02 01:57:41",
      "selectionId": null,
      "size": 2,
      "summary": undefined,
      "title": "Free Market",
    },
    Object {
      "author": 64,
      "cluster": 1272,
      "content": undefined,
      "document": 211289,
      "id": 211289,
      "identity": undefined,
      "imageUrl": 1272,
      "index": 4,
      "partContent": "Washington",
      "partIndex": 0,
      "score": "2017-01-02 05:45:33",
      "selectionId": null,
      "size": 64,
      "summary": undefined,
      "title": "Democrats",
    },
    Object {
      "author": 2,
      "cluster": 13478,
      "content": undefined,
      "document": 211696,
      "id": 211696,
      "identity": undefined,
      "imageUrl": 13478,
      "index": 10,
      "partContent": "Sheltering in place",
      "partIndex": 0,
      "score": "2017-01-01 23:49:00",
      "selectionId": null,
      "size": 2,
      "summary": undefined,
      "title": "Sheltering",
    },
  ],
  "documents": Object {
    "15223": Object {
      "author": 2,
      "cluster": 8883,
      "content": undefined,
      "document": 15223,
      "id": 15223,
      "identity": undefined,
      "imageUrl": 8883,
      "index": 3,
      "partContent": "Free Market for Education",
      "partIndex": 0,
      "score": "2017-01-02 01:57:41",
      "selectionId": null,
      "size": 2,
      "summary": undefined,
      "title": "Free Market",
    },
    "211289": Object {
      "author": 64,
      "cluster": 1272,
      "content": undefined,
      "document": 211289,
      "id": 211289,
      "identity": undefined,
      "imageUrl": 1272,
      "index": 4,
      "partContent": "Washington",
      "partIndex": 0,
      "score": "2017-01-02 05:45:33",
      "selectionId": null,
      "size": 64,
      "summary": undefined,
      "title": "Democrats",
    },
    "211696": Object {
      "author": 2,
      "cluster": 13478,
      "content": undefined,
      "document": 211696,
      "id": 211696,
      "identity": undefined,
      "imageUrl": 13478,
      "index": 10,
      "partContent": "Sheltering in place",
      "partIndex": 0,
      "score": "2017-01-01 23:49:00",
      "selectionId": null,
      "size": 2,
      "summary": undefined,
      "title": "Sheltering",
    },
    "4423": Object {
      "author": 5,
      "cluster": 2935,
      "content": undefined,
      "document": 4423,
      "id": 4423,
      "identity": undefined,
      "imageUrl": 2935,
      "index": 0,
      "partContent": "Now is the time",
      "partIndex": 0,
      "score": "2017-01-01 20:43:39",
      "selectionId": null,
      "size": 5,
      "summary": undefined,
      "title": "Comments",
    },
  },
}
`;
